// Jest Snapshot v1, https://goo.gl/fbAQLP

exports[`CardOrder component OrderCard component matches snapshot 1`] = `
<div
  className="MuiPaper-root MuiPaper-elevation MuiPaper-rounded MuiPaper-elevation1 MuiCard-root css-1quhopn-MuiPaper-root-MuiCard-root"
>
  <div
    className="MuiCardContent-root css-46bh2p-MuiCardContent-root"
  >
    <h6
      className="MuiTypography-root MuiTypography-h6 css-2ulfj5-MuiTypography-root"
    >
      Test Service
       Order
    </h6>
    <div
      className="MuiPaper-root MuiPaper-elevation MuiPaper-rounded MuiPaper-elevation1 css-u0jpu7-MuiPaper-root"
    >
      <div>
        <h6
          className="MuiTypography-root MuiTypography-subtitle1 css-10wpov9-MuiTypography-root"
        >
          Properties:
        </h6>
        <div
          className="MuiChip-root MuiChip-filled MuiChip-sizeSmall MuiChip-colorDefault MuiChip-filledDefault css-c4zia8-MuiChip-root"
          onKeyDown={[Function]}
          onKeyUp={[Function]}
        >
          <span
            className="MuiChip-label MuiChip-labelSmall css-wjsjww-MuiChip-label"
          >
            prop1: value1
          </span>
        </div>
        <div
          className="MuiChip-root MuiChip-filled MuiChip-sizeSmall MuiChip-colorDefault MuiChip-filledDefault css-c4zia8-MuiChip-root"
          onKeyDown={[Function]}
          onKeyUp={[Function]}
        >
          <span
            className="MuiChip-label MuiChip-labelSmall css-wjsjww-MuiChip-label"
          >
            prop2: value2
          </span>
        </div>
      </div>
      <div>
        <h6
          className="MuiTypography-root MuiTypography-subtitle1 css-10wpov9-MuiTypography-root"
        >
          Quantity:
        </h6>
        <p
          className="MuiTypography-root MuiTypography-body1 css-ahj2mt-MuiTypography-root"
        >
          3
        </p>
      </div>
      <div>
        <h6
          className="MuiTypography-root MuiTypography-subtitle1 css-10wpov9-MuiTypography-root"
        >
          Total Price:
        </h6>
        <p
          className="MuiTypography-root MuiTypography-body1 css-ahj2mt-MuiTypography-root"
        >
          $
          150
        </p>
      </div>
    </div>
  </div>
</div>
`;
